---
source: crates/sunrise-tui/src/render.rs
expression: "frame_to_string(80, 10, &state)"
---
 1:Today  2:Inbox  3:Stream  4:Search  5:Focus                                  
Sunrise — Today    (0 tasks)                                                    
────────────────────────────────────────────────────────────────────────────────
┌Tasks─────────────────────────────────────────────────────────────────────────┐
│                                                                              │
│                                                                              │
│                                                                              │
│                                                                              │
└──────────────────────────────────────────────────────────────────────────────┘
 NORMAL   :q quit  :view <today|inbox|stream|search|focus|1-5>  :preview <path>
