---
source: crates/sunrise-tui/src/render.rs
expression: "frame_to_string(60, 10, &state)"
---
 1:Today  2:Inbox  3:Stream  4:Search  5:Focus  6:Routines  
┌Focus─────────────────────────────────────────────────────┐
│no task selected                                          │
│                                                          │
│                                                          │
│                                                          │
│                                                          │
│                                                          │
└──────────────────────────────────────────────────────────┘
 NORMAL
